// Jest Snapshot v1, https://goo.gl/fbAQLP

exports[`<Banner /> Component Should render without crashing 1`] = `
Object {
  "asFragment": [Function],
  "baseElement": <body>
    <div>
      <button
        style="top: 20px; left: 20px; color: rgb(255, 255, 255); cursor: pointer; border-radius: 25px; padding: 10px 20px; position: absolute; border: 1px solid #fff; background: rgba(0, 0, 0, 0.5);"
      >
        Back
      </button>
      <div
        style="margin-bottom: 50px; padding: 150px 0px; background-size: cover; background-position: center; background-repeat: no-repeat; box-shadow: 0px 0px 15px 5px #ccc; background-image: url(univ-bg.jpg);"
      >
        <h1
          style="width: 80%; color: rgb(255, 255, 255); margin: auto; max-width: 1000px; font-weight: 500; border-radius: 5px; text-align: center; padding: 30px 15px; border: 2px solid #fff; background: rgba(0, 0, 0, 0.6); box-shadow: rgb(0 0 0 / 20%) 0px 4px 8px 0px;"
        />
      </div>
    </div>
  </body>,
  "container": <div>
    <button
      style="top: 20px; left: 20px; color: rgb(255, 255, 255); cursor: pointer; border-radius: 25px; padding: 10px 20px; position: absolute; border: 1px solid #fff; background: rgba(0, 0, 0, 0.5);"
    >
      Back
    </button>
    <div
      style="margin-bottom: 50px; padding: 150px 0px; background-size: cover; background-position: center; background-repeat: no-repeat; box-shadow: 0px 0px 15px 5px #ccc; background-image: url(univ-bg.jpg);"
    >
      <h1
        style="width: 80%; color: rgb(255, 255, 255); margin: auto; max-width: 1000px; font-weight: 500; border-radius: 5px; text-align: center; padding: 30px 15px; border: 2px solid #fff; background: rgba(0, 0, 0, 0.6); box-shadow: rgb(0 0 0 / 20%) 0px 4px 8px 0px;"
      />
    </div>
  </div>,
  "debug": [Function],
  "findAllByAltText": [Function],
  "findAllByDisplayValue": [Function],
  "findAllByLabelText": [Function],
  "findAllByPlaceholderText": [Function],
  "findAllByRole": [Function],
  "findAllByTestId": [Function],
  "findAllByText": [Function],
  "findAllByTitle": [Function],
  "findByAltText": [Function],
  "findByDisplayValue": [Function],
  "findByLabelText": [Function],
  "findByPlaceholderText": [Function],
  "findByRole": [Function],
  "findByTestId": [Function],
  "findByText": [Function],
  "findByTitle": [Function],
  "getAllByAltText": [Function],
  "getAllByDisplayValue": [Function],
  "getAllByLabelText": [Function],
  "getAllByPlaceholderText": [Function],
  "getAllByRole": [Function],
  "getAllByTestId": [Function],
  "getAllByText": [Function],
  "getAllByTitle": [Function],
  "getByAltText": [Function],
  "getByDisplayValue": [Function],
  "getByLabelText": [Function],
  "getByPlaceholderText": [Function],
  "getByRole": [Function],
  "getByTestId": [Function],
  "getByText": [Function],
  "getByTitle": [Function],
  "queryAllByAltText": [Function],
  "queryAllByDisplayValue": [Function],
  "queryAllByLabelText": [Function],
  "queryAllByPlaceholderText": [Function],
  "queryAllByRole": [Function],
  "queryAllByTestId": [Function],
  "queryAllByText": [Function],
  "queryAllByTitle": [Function],
  "queryByAltText": [Function],
  "queryByDisplayValue": [Function],
  "queryByLabelText": [Function],
  "queryByPlaceholderText": [Function],
  "queryByRole": [Function],
  "queryByTestId": [Function],
  "queryByText": [Function],
  "queryByTitle": [Function],
  "rerender": [Function],
  "unmount": [Function],
}
`;
