// Jest Snapshot v1, https://goo.gl/fbAQLP

exports[`<SearchComposer /> Component Should render without crashing 1`] = `
Object {
  "asFragment": [Function],
  "baseElement": <body>
    <div>
      <div
        style="padding: 20px; max-width: 600px; width: 100%; margin: auto;"
      >
        <form
          name="search"
        >
          <div
            style="display: flex;"
          >
            <select
              id="picker-component"
              name="type"
              style="outline: 0; cursor: pointer; padding: 10px 15px; border-top-left-radius: 25px; border: 1px solid #ccc; border-bottom-left-radius: 25px; text-transform: capitalize;"
            >
              <option
                value="name"
              >
                Name
              </option>
              <option
                value="country"
              >
                Country
              </option>
            </select>
            <input
              name="word"
              placeholder="Search"
              style="outline: 0; width: 100%; font-weight: normal; padding: 10px 15px; border: 1px solid #ccc; text-transform: capitalize;"
              value="Philippines"
            />
            <button
              style="outline: 0; cursor: pointer; padding: 10px 15px; border-top-right-radius: 25px; border: 1px solid #ccc; border-bottom-right-radius: 25px; text-transform: capitalize;"
              type="submit"
            >
              Go
            </button>
          </div>
        </form>
      </div>
    </div>
  </body>,
  "container": <div>
    <div
      style="padding: 20px; max-width: 600px; width: 100%; margin: auto;"
    >
      <form
        name="search"
      >
        <div
          style="display: flex;"
        >
          <select
            id="picker-component"
            name="type"
            style="outline: 0; cursor: pointer; padding: 10px 15px; border-top-left-radius: 25px; border: 1px solid #ccc; border-bottom-left-radius: 25px; text-transform: capitalize;"
          >
            <option
              value="name"
            >
              Name
            </option>
            <option
              value="country"
            >
              Country
            </option>
          </select>
          <input
            name="word"
            placeholder="Search"
            style="outline: 0; width: 100%; font-weight: normal; padding: 10px 15px; border: 1px solid #ccc; text-transform: capitalize;"
            value="Philippines"
          />
          <button
            style="outline: 0; cursor: pointer; padding: 10px 15px; border-top-right-radius: 25px; border: 1px solid #ccc; border-bottom-right-radius: 25px; text-transform: capitalize;"
            type="submit"
          >
            Go
          </button>
        </div>
      </form>
    </div>
  </div>,
  "debug": [Function],
  "findAllByAltText": [Function],
  "findAllByDisplayValue": [Function],
  "findAllByLabelText": [Function],
  "findAllByPlaceholderText": [Function],
  "findAllByRole": [Function],
  "findAllByTestId": [Function],
  "findAllByText": [Function],
  "findAllByTitle": [Function],
  "findByAltText": [Function],
  "findByDisplayValue": [Function],
  "findByLabelText": [Function],
  "findByPlaceholderText": [Function],
  "findByRole": [Function],
  "findByTestId": [Function],
  "findByText": [Function],
  "findByTitle": [Function],
  "getAllByAltText": [Function],
  "getAllByDisplayValue": [Function],
  "getAllByLabelText": [Function],
  "getAllByPlaceholderText": [Function],
  "getAllByRole": [Function],
  "getAllByTestId": [Function],
  "getAllByText": [Function],
  "getAllByTitle": [Function],
  "getByAltText": [Function],
  "getByDisplayValue": [Function],
  "getByLabelText": [Function],
  "getByPlaceholderText": [Function],
  "getByRole": [Function],
  "getByTestId": [Function],
  "getByText": [Function],
  "getByTitle": [Function],
  "queryAllByAltText": [Function],
  "queryAllByDisplayValue": [Function],
  "queryAllByLabelText": [Function],
  "queryAllByPlaceholderText": [Function],
  "queryAllByRole": [Function],
  "queryAllByTestId": [Function],
  "queryAllByText": [Function],
  "queryAllByTitle": [Function],
  "queryByAltText": [Function],
  "queryByDisplayValue": [Function],
  "queryByLabelText": [Function],
  "queryByPlaceholderText": [Function],
  "queryByRole": [Function],
  "queryByTestId": [Function],
  "queryByText": [Function],
  "queryByTitle": [Function],
  "rerender": [Function],
  "unmount": [Function],
}
`;
