// Jest Snapshot v1, https://goo.gl/fbAQLP

exports[`<Banner /> Component Should render without crashing 1`] = `
Object {
  "asFragment": [Function],
  "baseElement": <body>
    <div>
      <div
        style="margin: 15px; padding: 30px; border-radius: 5px; cursor: pointer; box-shadow: none;"
      >
        <p
          style="font-size: .85rem; margin: 0px 0px 8px 10px;"
        >
          Philippines
        </p>
        <h3
          style="font-weight: 500; color: rgb(62, 62, 62); margin: 0px 0px 15px 10px;"
        >
          Adamson University
        </h3>
        <div
          style="display: flex;"
        >
          <button
            style="cursor: pointer; margin-right: 10px; border-radius: 4px; color: rgb(33, 150, 243); font-size: .95rem; padding: 6px 10px; text-decoration: none;"
          >
            https://test-url.com
          </button>
        </div>
      </div>
    </div>
  </body>,
  "container": <div>
    <div
      style="margin: 15px; padding: 30px; border-radius: 5px; cursor: pointer; box-shadow: none;"
    >
      <p
        style="font-size: .85rem; margin: 0px 0px 8px 10px;"
      >
        Philippines
      </p>
      <h3
        style="font-weight: 500; color: rgb(62, 62, 62); margin: 0px 0px 15px 10px;"
      >
        Adamson University
      </h3>
      <div
        style="display: flex;"
      >
        <button
          style="cursor: pointer; margin-right: 10px; border-radius: 4px; color: rgb(33, 150, 243); font-size: .95rem; padding: 6px 10px; text-decoration: none;"
        >
          https://test-url.com
        </button>
      </div>
    </div>
  </div>,
  "debug": [Function],
  "findAllByAltText": [Function],
  "findAllByDisplayValue": [Function],
  "findAllByLabelText": [Function],
  "findAllByPlaceholderText": [Function],
  "findAllByRole": [Function],
  "findAllByTestId": [Function],
  "findAllByText": [Function],
  "findAllByTitle": [Function],
  "findByAltText": [Function],
  "findByDisplayValue": [Function],
  "findByLabelText": [Function],
  "findByPlaceholderText": [Function],
  "findByRole": [Function],
  "findByTestId": [Function],
  "findByText": [Function],
  "findByTitle": [Function],
  "getAllByAltText": [Function],
  "getAllByDisplayValue": [Function],
  "getAllByLabelText": [Function],
  "getAllByPlaceholderText": [Function],
  "getAllByRole": [Function],
  "getAllByTestId": [Function],
  "getAllByText": [Function],
  "getAllByTitle": [Function],
  "getByAltText": [Function],
  "getByDisplayValue": [Function],
  "getByLabelText": [Function],
  "getByPlaceholderText": [Function],
  "getByRole": [Function],
  "getByTestId": [Function],
  "getByText": [Function],
  "getByTitle": [Function],
  "queryAllByAltText": [Function],
  "queryAllByDisplayValue": [Function],
  "queryAllByLabelText": [Function],
  "queryAllByPlaceholderText": [Function],
  "queryAllByRole": [Function],
  "queryAllByTestId": [Function],
  "queryAllByText": [Function],
  "queryAllByTitle": [Function],
  "queryByAltText": [Function],
  "queryByDisplayValue": [Function],
  "queryByLabelText": [Function],
  "queryByPlaceholderText": [Function],
  "queryByRole": [Function],
  "queryByTestId": [Function],
  "queryByText": [Function],
  "queryByTitle": [Function],
  "rerender": [Function],
  "unmount": [Function],
}
`;
